// Jest Snapshot v1, https://goo.gl/fbAQLP

exports[`Dashboard component renders the component 1`] = `undefined`;
