// Jest Snapshot v1, https://goo.gl/fbAQLP

exports[`Stock component renders the component 1`] = `undefined`;
